//create a user name
$ git config --global user.name mehrahrishioo7

//create a user email
$ git config --global user.email "mehrahrishi93@gmail.com"

//create a .gitignore file
$ touch .gitignore

//initialize the git(it is hidden)
$ git init

//all content send to staging area(means we are not worried) or you can use(git add -A)
$ git add .(This is for all)

//create a snapshot after some changes your repository
$ git commit -m "Initial commit"
 
//check the status(ready to git repository)
$ git status
On branch master
nothing to commit, working tree clean

//check the status(you do not ready to git repository please add files staging area)
$ git status
On branch master
Changes not staged for commit:
  (use "git add <file>..." to update what will be committed)
  (use "git restore <file>..." to discard changes in working directory)
        modified:   creategit.txt

no changes added to commit (use "git add" and/or "git commit -a")

//after you go to github website and go to ssh key and then copy
//link the github project
$ git remote add origin git@github.com:mehrahrishioo7/ImageUploader.git

//then after go to settings then go to ssh keys and then new ssh keys
Title - mehrahrishioo7
$ ssh-keygen -t rsa -b 4096 -C "mehrahrishi93@gmail.com"
$ cat ssh_files.pub

Key - ssh-rsa AAAAB3NzaC1yc2EAAAADAQABAAACAQCv+M38uefSAOenXT8eyBPmqaGWwkv6O6s7FNVWkJEauvwVSN0ctiE4b3dNFVNEGAZKTVrv42EDaeXoKTw31fXrAwOLiU3Fc8xpo7GiwssXYEWW77+yp234IDLPICXxQ7Ae4i76o4Sd3fLDeKhJ7sjmJL4Dm/AgIdEAQlI9D0csTkly9vHiLMPsM1VSLrCgLX+oTJEB1uZBiNgevwcC53W8oKImTx+gnyD8+dNJ4tuZTGE+/qf/msKyyHpmmOeqWB5yLFg9uwGSwDHBCMNdJI2bFWCWVMrgv8QmJfacKIcMOqPxn/xxv40e70mPkNtk1YTD1C7Xfi6fYnCsHMjj3JBRMGqGDL0wxT+C6QA8Yux43OqXw96aY2VqzBl2Uc7CaxueWMDpIAdhkXMsJ54oHPi7lS/qQkIb1lnTVdXMx09KMN+KUdyBu6LzMg+Alekf661aw/2lzPVXVlALON7iJA/0ah80ClYCAz1yPjwcg80PECNfBZEGePIBvsc6slxAIwrkuIyRnzRsbtqJFUVZd6HremuHCYDIDtm1jt5sAofwgKMzAMEha9AqqgUzupLlCO156aGGo+Z4gANSXvPL8s7xuVQF+EF5VgiWfOwMvSFuXTrM77DBx+bdYfx6cJX+2R//fxr1PTnquwIeEiU1CXCQjJ19Ir5EMMLS/BeFj+uVqw== mehrahrishi93@gmail.com
//ssh key process has been completed







